Connected as jm1-admin@jmerrill.one
Connected to... JM1-Core

Starting Solution Export...

Waiting for asynchronous operation 9ed9b82f-e092-f111-8077-7c1e525b15c2 to complete with timeout of 02:00:00.

Processing asynchronous operation... execution time: 00:00:00 and 0.00% of max time allotted

Processing asynchronous operation... execution time: 00:00:04 and 0.06% of max time allotted

Processing asynchronous operation... execution time: 00:00:08 and 0.11% of max time allotted

Processing asynchronous operation... execution time: 00:00:12 and 0.17% of max time allotted

Processing asynchronous operation... execution time: 00:00:16 and 0.23% of max time allotted

Processing asynchronous operation... execution time: 00:00:20 and 0.29% of max time allotted

Processing asynchronous operation... execution time: 00:00:24 and 0.34% of max time allotted

Processing asynchronous operation... execution time: 00:00:28 and 0.40% of max time allotted

Processing asynchronous operation... execution time: 00:00:32 and 0.45% of max time allotted

Processing asynchronous operation... execution time: 00:00:36 and 0.51% of max time allotted

Processing asynchronous operation... execution time: 00:00:40 and 0.57% of max time allotted

Processing asynchronous operation... execution time: 00:00:44 and 0.62% of max time allotted

Processing asynchronous operation... execution time: 00:00:49 and 0.68% of max time allotted

Processing asynchronous operation... execution time: 00:00:53 and 0.74% of max time allotted

Processing asynchronous operation... execution time: 00:00:57 and 0.79% of max time allotted

Processing asynchronous operation... execution time: 00:01:01 and 0.85% of max time allotted

Processing asynchronous operation... execution time: 00:01:05 and 0.91% of max time allotted

Processing asynchronous operation... execution time: 00:01:09 and 0.96% of max time allotted

Processing asynchronous operation... execution time: 00:01:13 and 1.02% of max time allotted

Processing asynchronous operation... execution time: 00:01:17 and 1.08% of max time allotted

Processing asynchronous operation... execution time: 00:01:21 and 1.13% of max time allotted

Processing asynchronous operation... execution time: 00:01:25 and 1.19% of max time allotted

Processing asynchronous operation... execution time: 00:01:29 and 1.25% of max time allotted

Processing asynchronous operation... execution time: 00:01:33 and 1.30% of max time allotted

Processing asynchronous operation... execution time: 00:01:37 and 1.36% of max time allotted

Processing asynchronous operation... execution time: 00:01:41 and 1.42% of max time allotted

Processing asynchronous operation... execution time: 00:01:46 and 1.47% of max time allotted

Processing asynchronous operation... execution time: 00:01:50 and 1.53% of max time allotted

Processing asynchronous operation... execution time: 00:01:54 and 1.59% of max time allotted

Processing asynchronous operation... execution time: 00:01:58 and 1.64% of max time allotted

Processing asynchronous operation... execution time: 00:02:02 and 1.70% of max time allotted

Processing asynchronous operation... execution time: 00:02:06 and 1.76% of max time allotted

Processing asynchronous operation... execution time: 00:02:10 and 1.81% of max time allotted

Processing asynchronous operation... execution time: 00:02:14 and 1.87% of max time allotted

Processing asynchronous operation... execution time: 00:02:18 and 1.93% of max time allotted

Processing asynchronous operation... execution time: 00:02:22 and 1.98% of max time allotted

Processing asynchronous operation... execution time: 00:02:26 and 2.04% of max time allotted

Processing asynchronous operation... execution time: 00:02:30 and 2.10% of max time allotted

Processing asynchronous operation... execution time: 00:02:34 and 2.15% of max time allotted

Processing asynchronous operation... execution time: 00:02:38 and 2.21% of max time allotted

Processing asynchronous operation... execution time: 00:02:43 and 2.26% of max time allotted

Processing asynchronous operation... execution time: 00:02:47 and 2.32% of max time allotted

Processing asynchronous operation... execution time: 00:02:51 and 2.38% of max time allotted

Processing asynchronous operation... execution time: 00:02:55 and 2.43% of max time allotted

Processing asynchronous operation... execution time: 00:02:59 and 2.49% of max time allotted

Asynchronous operation 9ed9b82f-e092-f111-8077-7c1e525b15c2 completed successfully within 00:03:03.3956474
Solution export succeeded.
