Connected as jm1-admin@jmerrill.one
Connected to... JM1-Core

Starting Solution Export...

Waiting for asynchronous operation 9465b440-e192-f111-8077-000d3a14673b to complete with timeout of 02:00:00.

Processing asynchronous operation... execution time: 00:00:00 and 0.00% of max time allotted

Processing asynchronous operation... execution time: 00:00:04 and 0.06% of max time allotted

Processing asynchronous operation... execution time: 00:00:08 and 0.11% of max time allotted

Processing asynchronous operation... execution time: 00:00:12 and 0.17% of max time allotted

Processing asynchronous operation... execution time: 00:00:16 and 0.23% of max time allotted

Processing asynchronous operation... execution time: 00:00:20 and 0.28% of max time allotted

Processing asynchronous operation... execution time: 00:00:24 and 0.34% of max time allotted

Processing asynchronous operation... execution time: 00:00:28 and 0.40% of max time allotted

Processing asynchronous operation... execution time: 00:00:32 and 0.45% of max time allotted

Processing asynchronous operation... execution time: 00:00:36 and 0.51% of max time allotted

Processing asynchronous operation... execution time: 00:00:40 and 0.57% of max time allotted

Processing asynchronous operation... execution time: 00:00:44 and 0.62% of max time allotted

Processing asynchronous operation... execution time: 00:00:48 and 0.68% of max time allotted

Processing asynchronous operation... execution time: 00:00:53 and 0.74% of max time allotted

Processing asynchronous operation... execution time: 00:00:57 and 0.79% of max time allotted

Processing asynchronous operation... execution time: 00:01:01 and 0.85% of max time allotted

Processing asynchronous operation... execution time: 00:01:05 and 0.91% of max time allotted

Processing asynchronous operation... execution time: 00:01:09 and 0.96% of max time allotted

Processing asynchronous operation... execution time: 00:01:13 and 1.02% of max time allotted

Processing asynchronous operation... execution time: 00:01:17 and 1.08% of max time allotted

Processing asynchronous operation... execution time: 00:01:21 and 1.13% of max time allotted

Processing asynchronous operation... execution time: 00:01:25 and 1.19% of max time allotted

Processing asynchronous operation... execution time: 00:01:29 and 1.25% of max time allotted

Processing asynchronous operation... execution time: 00:01:33 and 1.30% of max time allotted

Processing asynchronous operation... execution time: 00:01:37 and 1.36% of max time allotted

Asynchronous operation 9465b440-e192-f111-8077-000d3a14673b completed successfully within 00:01:41.9600121
Solution export succeeded.
